Microchip MPLAB XC8 Compiler V2.00 ()

Linker command line:

-W-3 --edf=D:\Program Files (x86)\Microchip\xc8\v2.00\pic\dat\en_msgs.txt \
  -cs -h+dist/default/production\FINALPROJECT.X.production.sym \
  --cmf=dist/default/production\FINALPROJECT.X.production.cmf -z -Q18F4520 \
  -oC:\Users\asus\AppData\Local\Temp\sdag.2 --defsym=__MPLAB_BUILD=1 \
  -Mdist/default/production/FINALPROJECT.X.production.map -E1 -ver=XC8 \
  --acfsm=1493 -ASTACK=0CEh-05ffh -pstack=STACK -ACODE=00h-07FFFh \
  -ACONST=00h-07FFFh -ASMALLCONST=0600h-06FFhx122 \
  -AMEDIUMCONST=0600h-07FFFh -ACOMRAM=01h-07Fh -AABS1=00h-05FFh \
  -ABIGRAM=01h-05FFh -ARAM=080h-0FFh,0100h-01FFhx5 -ABANK0=080h-0FFh \
  -ABANK1=0100h-01FFh -ABANK2=0200h-02FFh -ABANK3=0300h-03FFh \
  -ABANK4=0400h-04FFh -ABANK5=0500h-05FFh -ASFR=0F80h-0FFFh \
  -preset_vec=00h,intcode=08h,intcodelo,powerup,init -pramtop=0600h \
  -psmallconst=SMALLCONST -pmediumconst=MEDIUMCONST -pconst=CONST \
  -AFARRAM=00h-00h -ACONFIG=0300000h-030000Dh -pconfig=CONFIG \
  -AIDLOC=0200000h-0200007h -pidloc=IDLOC -AEEDATA=0F00000h-0F000FFh \
  -peeprom_data=EEDATA \
  -prdata=COMRAM,nvrram=COMRAM,nvbit=COMRAM,rbss=COMRAM,rbit=COMRAM \
  -pfarbss=FARRAM,fardata=FARRAM,nvFARRAM=FARRAM \
  -pintsave_regs=BIGRAM,bigbss=BIGRAM,bigdata=BIGRAM -pbss=RAM \
  -pidata=CODE,irdata=CODE,ibigdata=CODE,ifardata=CODE -prparam=COMRAM \
  C:\Users\asus\AppData\Local\Temp\sdag.o \
  dist/default/production\FINALPROJECT.X.production.o 

Object code version is 3.11

Machine type is 18F4520

Call graph: (short form)




                Name                               Link     Load   Length Selector   Space Scale
C:\Users\asus\AppData\Local\Temp\sdag.o
                init                                  E        E        4        4       0
                reset_vec                             0        0        4        0       0
                idloc                            200000   200000        8   200000       0
                config                           300000   300000        E   300000       0
dist/default/production\FINALPROJECT.X.production.o
                intcode                               8        8        6        4       0
                temp                                 66       66        1        1       1
                text18                             1BEC     1BEC       2A        4       0
                intcode_body                       114C     114C      28A        4       0
                text16                             1AE4     1AE4       4C        4       0
                text15                             1C96     1C96        6        4       0
                text14                             1C76     1C76       12        4       0
                text13                             1C88     1C88        E        4       0
                text12                              D2C      D2C      420        4       0
                text11                             1746     1746      168        4       0
                text10                             13D6     13D6      1DC        4       0
                text9                              1BB2     1BB2       3A        4       0
                text8                              1C4C     1C4C       16        4       0
                text7                              1C36     1C36       16        4       0
                text6                              18AE     18AE       EC        4       0
                text5                              199A     199A       D8        4       0
                text4                              15B2     15B2      194        4       0
                text3                              1C16     1C16       20        4       0
                text2                              1B72     1B72       40        4       0
                text1                              1A72     1A72       72        4       0
                text0                                12       12      D1A        4       0
                cstackCOMRAM                          1        1       3B        1       1
                cstackBANK0                          A0       A0       18       80       1
                dataBANK0                            B8       B8       14       80       1
                bssBANK0                             80       80       20       80       1
                bssCOMRAM                            3C       3C       26        1       1
                cinit                              1B30     1B30       42        4       0
                nvBANK0                              CC       CC        2       80       1
                nvCOMRAM                             62       62        4        1       1
                idataBANK0                         1C62     1C62       14        4       0

TOTAL           Name                               Link     Load   Length     Space
        CLASS   STACK          

        CLASS   CODE           
                intcode                               8        8        6         0
                init                                  E        E        4         0
                reset_vec                             0        0        4         0
                text18                             1BEC     1BEC       2A         0
                intcode_body                       114C     114C      28A         0
                text16                             1AE4     1AE4       4C         0
                text15                             1C96     1C96        6         0
                text14                             1C76     1C76       12         0
                text13                             1C88     1C88        E         0
                text12                              D2C      D2C      420         0
                text11                             1746     1746      168         0
                text10                             13D6     13D6      1DC         0
                text9                              1BB2     1BB2       3A         0
                text8                              1C4C     1C4C       16         0
                text7                              1C36     1C36       16         0
                text6                              18AE     18AE       EC         0
                text5                              199A     199A       D8         0
                text4                              15B2     15B2      194         0
                text3                              1C16     1C16       20         0
                text2                              1B72     1B72       40         0
                text1                              1A72     1A72       72         0
                text0                                12       12      D1A         0
                cinit                              1B30     1B30       42         0
                idataBANK0                         1C62     1C62       14         0

        CLASS   CONST          

        CLASS   SMALLCONST     

        CLASS   MEDIUMCONST    

        CLASS   COMRAM         
                temp                                 66       66        1         1
                cstackCOMRAM                          1        1       3B         1
                bssCOMRAM                            3C       3C       26         1
                nvCOMRAM                             62       62        4         1

        CLASS   ABS1           

        CLASS   BIGRAM         

        CLASS   RAM            

        CLASS   BANK0          
                cstackBANK0                          A0       A0       18         1
                dataBANK0                            B8       B8       14         1
                bssBANK0                             80       80       20         1
                nvBANK0                              CC       CC        2         1

        CLASS   BANK1          

        CLASS   BANK2          

        CLASS   BANK3          

        CLASS   BANK4          

        CLASS   BANK5          

        CLASS   SFR            

        CLASS   FARRAM         

        CLASS   CONFIG         
                config                           300000   300000        E         0

        CLASS   IDLOC          
                idloc                            200000   200000        8         0

        CLASS   EEDATA         



SEGMENTS        Name                           Load    Length   Top    Selector   Space  Class

                reset_vec                      000000  000004  000004         0       0  CODE    
                cstackCOMRAM                   000001  000066  000067         1       1  COMRAM  
                intcode                        000008  001C94  001C9C         4       0  CODE    
                bssBANK0                       000080  00004E  0000CE        80       1  BANK0   
                idloc                          200000  000008  200008    200000       0  IDLOC   
                config                         300000  00000E  30000E    300000       0  CONFIG  


UNUSED ADDRESS RANGES

        Name                Unused          Largest block    Delta
        BANK0            0000CE-0000FF               32
        BANK1            000100-0001FF              100
        BANK2            000200-0002FF              100
        BANK3            000300-0003FF              100
        BANK4            000400-0004FF              100
        BANK5            000500-0005FF              100
        BIGRAM           000067-00007F               19
                         0000CE-0005FF              532
        CODE             000004-000007                4
                         001C9C-007FFF             6364
        COMRAM           000067-00007F               19
        CONST            000004-000007                4
                         001C9C-007FFF             6364
        EEDATA           F00000-F000FF              100
        MEDIUMCONST      001C9C-007FFF             6364
        RAM              0000CE-0005FF              100
        SFR              000F80-000FFF               80
        SMALLCONST       001C9C-007FFF              100
        STACK            0000CE-0005FF              532

                                  Symbol Table

?___awdiv                    cstackCOMRAM 00000B
?___awmod                    cstackCOMRAM 00000B
?___fldiv                    cstackCOMRAM 000019
?___wmul                     cstackCOMRAM 000001
?___xxtofl                   cstackCOMRAM 00000B
PWM1_Duty@duty               cstackCOMRAM 00000B
PWM1_Duty@tempDuty           cstackCOMRAM 00000F
PWM1_Init@setDuty            cstackCOMRAM 00000B
_ADCON0bits                  (abs)        000FC2
_ADCON1bits                  (abs)        000FC1
_ADCON2bits                  (abs)        000FC0
_ADRES                       (abs)        000FC3
_B                           bssCOMRAM    000048
_CCP1CONbits                 (abs)        000FBD
_CCP2CONbits                 (abs)        000FBA
_CCPR1L                      (abs)        000FBE
_CCPR2                       (abs)        000FBB
_Distance                    bssBANK0     000094
_G                           bssCOMRAM    00004A
_Hi_ISR                      intcode      000008
_INTCON2bits                 (abs)        000FF1
_INTCONbits                  (abs)        000FF2
_IPR1bits                    (abs)        000F9F
_IPR2bits                    (abs)        000FA2
_LATAbits                    (abs)        000F89
_LATB5                       (abs)        007C55
_LATBbits                    (abs)        000F8A
_LATCbits                    (abs)        000F8B
_LATD                        (abs)        000F8C
_OSCCONbits                  (abs)        000FD3
_PIE1bits                    (abs)        000F9D
_PIE2bits                    (abs)        000FA0
_PIR1bits                    (abs)        000F9E
_PIR2bits                    (abs)        000FA1
_PORTCbits                   (abs)        000F82
_PR2                         (abs)        000FCB
_PWM1_Duty                   text16       001AE4
_PWM1_Init                   text15       001C96
_PWM1_Start                  text14       001C76
_R                           bssCOMRAM    00004C
_RA6                         (abs)        007C06
_RA7                         (abs)        007C07
_RC0                         (abs)        007C10
_RC1                         (abs)        007C11
_RCONbits                    (abs)        000FD0
_T0CONbits                   (abs)        000FD5
_T1CON                       (abs)        000FCD
_T2CONbits                   (abs)        000FCA
_T3CON                       (abs)        000FB1
_T3CONbits                   (abs)        000FB1
_TMR0                        (abs)        000FD6
_TMR1                        (abs)        000FCE
_TMR1IF                      (abs)        007CF0
_TMR1ON                      (abs)        007E68
_TMR3                        (abs)        000FB2
_TRISAbits                   (abs)        000F92
_TRISBbits                   (abs)        000F93
_TRISCbits                   (abs)        000F94
_TRISD                       (abs)        000F95
_TRISDbits                   (abs)        000F95
_TRISEbits                   (abs)        000F96
_Trigger_Pulse_10us          text13       001C88
__CFG_BOREN$ON               (abs)        000000
__CFG_CP0$OFF                (abs)        000000
__CFG_CP1$OFF                (abs)        000000
__CFG_CP2$OFF                (abs)        000000
__CFG_CP3$OFF                (abs)        000000
__CFG_CPB$OFF                (abs)        000000
__CFG_CPD$OFF                (abs)        000000
__CFG_LVP$OFF                (abs)        000000
__CFG_OSC$INTIO67            (abs)        000000
__CFG_PWRT$OFF               (abs)        000000
__CFG_WDT$OFF                (abs)        000000
__CFG_WRT0$OFF               (abs)        000000
__CFG_WRT1$OFF               (abs)        000000
__CFG_WRT2$OFF               (abs)        000000
__CFG_WRT3$OFF               (abs)        000000
__CFG_WRTB$OFF               (abs)        000000
__CFG_WRTC$OFF               (abs)        000000
__CFG_WRTD$OFF               (abs)        000000
__HRAM                       (abs)        000000
__Habs1                      abs1         000000
__Hbank0                     bank0        000000
__Hbank1                     bank1        000000
__Hbank2                     bank2        000000
__Hbank3                     bank3        000000
__Hbank4                     bank4        000000
__Hbank5                     bank5        000000
__Hbigbss                    bigbss       000000
__Hbigdata                   bigdata      000000
__Hbigram                    bigram       000000
__Hbss                       bss          000000
__HbssBANK0                  bssBANK0     000000
__HbssCOMRAM                 bssCOMRAM    000000
__Hcinit                     cinit        000000
__Hclrtext                   clrtext      000000
__Hcomram                    comram       000000
__Hconfig                    config       30000E
__Hconst                     const        000000
__HcstackBANK0               cstackBANK0  000000
__HcstackCOMRAM              cstackCOMRAM 000000
__Hdata                      data         000000
__HdataBANK0                 dataBANK0    000000
__Heeprom_data               eeprom_data  000000
__Hfarbss                    farbss       000000
__Hfardata                   fardata      000000
__Hibigdata                  ibigdata     000000
__Hidata                     idata        000000
__HidataBANK0                idataBANK0   000000
__Hidloc                     idloc        200008
__Hifardata                  ifardata     000000
__Hinit                      init         000012
__Hintcode                   intcode      00000E
__Hintcode_body              intcode_body 000000
__Hintcodelo                 intcodelo    00000E
__Hintentry                  intentry     000000
__Hintret                    intret       000000
__Hintsave_regs              intsave_regs 000000
__Hirdata                    irdata       000000
__Hmediumconst               mediumconst  000000
__HnvBANK0                   nvBANK0      000000
__HnvCOMRAM                  nvCOMRAM     000000
__HnvFARRAM                  nvFARRAM     000000
__Hnvbit                     nvbit        000000
__Hnvrram                    nvrram       000000
__Hparam                     rparam       000000
__Hpowerup                   powerup      00000E
__Hram                       ram          000000
__Hramtop                    ramtop       000600
__Hrbit                      rbit         000000
__Hrbss                      rbss         000000
__Hrdata                     rdata        000000
__Hreset_vec                 reset_vec    000004
__Hrparam                    rparam       000000
__Hsfr                       sfr          000000
__Hsmallconst                smallconst   000000
__Hspace_0                   (abs)        30000E
__Hspace_1                   (abs)        0000CE
__Hspace_2                   (abs)        000000
__Hstack                     stack        000000
__Hstruct                    struct       000000
__Htemp                      temp         000067
__Htext                      text         000000
__Htext0                     text0        000000
__Htext1                     text1        000000
__Htext10                    text10       000000
__Htext11                    text11       000000
__Htext12                    text12       000000
__Htext13                    text13       000000
__Htext14                    text14       000000
__Htext15                    text15       000000
__Htext16                    text16       000000
__Htext18                    text18       000000
__Htext2                     text2        000000
__Htext3                     text3        000000
__Htext4                     text4        000000
__Htext5                     text5        000000
__Htext6                     text6        000000
__Htext7                     text7        000000
__Htext8                     text8        000000
__Htext9                     text9        000000
__LRAM                       (abs)        000001
__Labs1                      abs1         000000
__Lbank0                     bank0        000000
__Lbank1                     bank1        000000
__Lbank2                     bank2        000000
__Lbank3                     bank3        000000
__Lbank4                     bank4        000000
__Lbank5                     bank5        000000
__Lbigbss                    bigbss       000000
__Lbigdata                   bigdata      000000
__Lbigram                    bigram       000000
__Lbss                       bss          000000
__LbssBANK0                  bssBANK0     000000
__LbssCOMRAM                 bssCOMRAM    000000
__Lcinit                     cinit        000000
__Lclrtext                   clrtext      000000
__Lcomram                    comram       000000
__Lconfig                    config       300000
__Lconst                     const        000000
__LcstackBANK0               cstackBANK0  000000
__LcstackCOMRAM              cstackCOMRAM 000000
__Ldata                      data         000000
__LdataBANK0                 dataBANK0    000000
__Leeprom_data               eeprom_data  000000
__Lfarbss                    farbss       000000
__Lfardata                   fardata      000000
__Libigdata                  ibigdata     000000
__Lidata                     idata        000000
__LidataBANK0                idataBANK0   000000
__Lidloc                     idloc        200000
__Lifardata                  ifardata     000000
__Linit                      init         00000E
__Lintcode                   intcode      000008
__Lintcode_body              intcode_body 000000
__Lintcodelo                 intcodelo    00000E
__Lintentry                  intentry     000000
__Lintret                    intret       000000
__Lintsave_regs              intsave_regs 000000
__Lirdata                    irdata       000000
__Lmediumconst               mediumconst  000000
__LnvBANK0                   nvBANK0      000000
__LnvCOMRAM                  nvCOMRAM     000000
__LnvFARRAM                  nvFARRAM     000000
__Lnvbit                     nvbit        000000
__Lnvrram                    nvrram       000000
__Lparam                     rparam       000000
__Lpowerup                   powerup      00000E
__Lram                       ram          000000
__Lramtop                    ramtop       000600
__Lrbit                      rbit         000000
__Lrbss                      rbss         000000
__Lrdata                     rdata        000000
__Lreset_vec                 reset_vec    000000
__Lrparam                    rparam       000000
__Lsfr                       sfr          000000
__Lsmallconst                smallconst   000000
__Lspace_0                   (abs)        000000
__Lspace_1                   (abs)        000000
__Lspace_2                   (abs)        000000
__Lstack                     stack        000000
__Lstruct                    struct       000000
__Ltemp                      temp         000066
__Ltext                      text         000000
__Ltext0                     text0        000000
__Ltext1                     text1        000000
__Ltext10                    text10       000000
__Ltext11                    text11       000000
__Ltext12                    text12       000000
__Ltext13                    text13       000000
__Ltext14                    text14       000000
__Ltext15                    text15       000000
__Ltext16                    text16       000000
__Ltext18                    text18       000000
__Ltext2                     text2        000000
__Ltext3                     text3        000000
__Ltext4                     text4        000000
__Ltext5                     text5        000000
__Ltext6                     text6        000000
__Ltext7                     text7        000000
__Ltext8                     text8        000000
__Ltext9                     text9        000000
__S0                         (abs)        30000E
__S1                         (abs)        0000CE
__S2                         (abs)        000000
___awdiv                     text6        0018AE
___awdiv@counter             cstackCOMRAM 00000F
___awdiv@dividend            cstackCOMRAM 00000B
___awdiv@divisor             cstackCOMRAM 00000D
___awdiv@quotient            cstackCOMRAM 000011
___awdiv@sign                cstackCOMRAM 000010
___awmod                     text5        00199A
___awmod@counter             cstackCOMRAM 00000F
___awmod@dividend            cstackCOMRAM 00000B
___awmod@divisor             cstackCOMRAM 00000D
___awmod@sign                cstackCOMRAM 000010
___fldiv                     text12       000D2C
___fldiv@a                   cstackCOMRAM 00001D
___fldiv@aexp                cstackCOMRAM 000031
___fldiv@b                   cstackCOMRAM 000019
___fldiv@bexp                cstackCOMRAM 000030
___fldiv@grs                 cstackCOMRAM 00002C
___fldiv@new_exp             cstackCOMRAM 00002A
___fldiv@rem                 cstackCOMRAM 000025
___fldiv@sign                cstackCOMRAM 000029
___flge                      text11       001746
___flge@ff1                  cstackCOMRAM 00000B
___flge@ff2                  cstackCOMRAM 00000F
___inthi_sp                  stack        000000
___intlo_sp                  stack        000000
___param_bank                (abs)        000000
___rparam_used               (abs)        000001
___sp                        stack        000000
___wmul                      text18       001BEC
___wmul@multiplicand         cstackCOMRAM 000003
___wmul@multiplier           cstackCOMRAM 000001
___wmul@product              cstackCOMRAM 000005
___xxtofl                    text10       0013D6
___xxtofl@arg                cstackCOMRAM 000015
___xxtofl@exp                cstackCOMRAM 000014
___xxtofl@sign               cstackCOMRAM 000013
___xxtofl@val                cstackCOMRAM 00000B
__accesstop                  (abs)        000080
__activetblptr               (abs)        000000
__end_of_Hi_ISR              intcode_body 0013D6
__end_of_PWM1_Duty           text16       001B30
__end_of_PWM1_Init           text15       001C9C
__end_of_PWM1_Start          text14       001C88
__end_of_Trigger_Pulse_10us  text13       001C96
__end_of___awdiv             text6        00199A
__end_of___awmod             text5        001A72
__end_of___fldiv             text12       00114C
__end_of___flge              text11       0018AE
__end_of___wmul              text18       001C16
__end_of___xxtofl            text10       0015B2
__end_of__initialization     cinit        001B68
__end_of_adc_init            text9        001BEC
__end_of_ccp2_init           text8        001C62
__end_of_initialize_7        text7        001C4C
__end_of_main                text0        000D2C
__end_of_showPace            text4        001746
__end_of_tmr0_init           text3        001C36
__end_of_tmr0_onoff          text2        001BB2
__end_of_tmr3_init           text1        001AE4
__initialization             cinit        001B30
__mediumconst                mediumconst  000000
__pbssBANK0                  bssBANK0     000080
__pbssCOMRAM                 bssCOMRAM    00003C
__pcinit                     cinit        001B30
__pcstackBANK0               cstackBANK0  0000A0
__pcstackCOMRAM              cstackCOMRAM 000001
__pdataBANK0                 dataBANK0    0000B8
__pidataBANK0                idataBANK0   001C62
__pintcode                   intcode      000008
__pintcode_body              intcode_body 00114C
__pnvBANK0                   nvBANK0      0000CC
__pnvCOMRAM                  nvCOMRAM     000062
__ptext0                     text0        000012
__ptext1                     text1        001A72
__ptext10                    text10       0013D6
__ptext11                    text11       001746
__ptext12                    text12       000D2C
__ptext13                    text13       001C88
__ptext14                    text14       001C76
__ptext15                    text15       001C96
__ptext16                    text16       001AE4
__ptext18                    text18       001BEC
__ptext2                     text2        001B72
__ptext3                     text3        001C16
__ptext4                     text4        0015B2
__ptext5                     text5        00199A
__ptext6                     text6        0018AE
__ptext7                     text7        001C36
__ptext8                     text8        001C4C
__ptext9                     text9        001BB2
__ramtop                     ramtop       000600
__size_of_Hi_ISR             (abs)        000000
__size_of_PWM1_Duty          (abs)        000000
__size_of_PWM1_Init          (abs)        000000
__size_of_PWM1_Start         (abs)        000000
__size_of_Trigger_Pulse_10us (abs)        000000
__size_of___awdiv            (abs)        000000
__size_of___awmod            (abs)        000000
__size_of___fldiv            (abs)        000000
__size_of___flge             (abs)        000000
__size_of___wmul             (abs)        000000
__size_of___xxtofl           (abs)        000000
__size_of_adc_init           (abs)        000000
__size_of_ccp2_init          (abs)        000000
__size_of_initialize_7       (abs)        000000
__size_of_main               (abs)        000000
__size_of_showPace           (abs)        000000
__size_of_tmr0_init          (abs)        000000
__size_of_tmr0_onoff         (abs)        000000
__size_of_tmr3_init          (abs)        000000
__smallconst                 smallconst   000000
_adc_init                    text9        001BB2
_addBreath                   bssCOMRAM    000042
_array                       bssBANK0     000080
_breathTime                  bssBANK0     000098
_buzzerF                     bssCOMRAM    00003E
_ccp2_init                   text8        001C4C
_count                       bssBANK0     00009C
_count2sec                   bssCOMRAM    00005E
_eye                         bssBANK0     00009A
_f_one                       nvBANK0      0000CC
_f_three                     bssBANK0     00009E
_f_two                       bssCOMRAM    000050
_first10                     bssCOMRAM    00003C
_flagBreath                  bssCOMRAM    000046
_flagBuzzer                  bssCOMRAM    000040
_index                       bssCOMRAM    00005C
_initialize_7                text7        001C36
_lower                       nvCOMRAM     000062
_main                        text0        000012
_one                         bssCOMRAM    000056
_sec_10                      bssCOMRAM    000058
_setBreath                   bssCOMRAM    000044
_showPace                    text4        0015B2
_step                        bssCOMRAM    00004E
_step_frequency              bssCOMRAM    00005A
_t                           bssBANK0     000090
_three                       bssCOMRAM    000052
_tmr0_init                   text3        001C16
_tmr0_onoff                  text2        001B72
_tmr3Mode                    bssCOMRAM    000060
_tmr3_init                   text1        001A72
_two                         bssCOMRAM    000054
_upper                       nvCOMRAM     000064
btemp                        temp         000066
end_of_initialization        cinit        001B68
int$flags                    temp         000066
int_func                     intcode_body 00114C
intlevel0                    text         000000
intlevel1                    text         000000
intlevel2                    text         000000
intlevel3                    text         000000
main@Time                    cstackBANK0  0000AA
main@c_one                   cstackBANK0  0000AE
main@c_three                 cstackBANK0  0000B0
main@c_two                   cstackBANK0  0000B2
main@close                   cstackBANK0  0000AC
main@lower_flag              cstackBANK0  0000A8
main@mean                    cstackBANK0  0000B4
main@mean_1329               cstackBANK0  0000B6
main@p                       cstackBANK0  0000A0
main@upper_flag              cstackBANK0  0000A6
main@w                       cstackBANK0  0000A2
main@w2                      cstackBANK0  0000A4
showPace@F2894               dataBANK0    0000B8
showPace@a                   cstackCOMRAM 00002C
showPace@b                   cstackCOMRAM 000034
showPace@c                   cstackCOMRAM 00002E
showPace@d                   cstackCOMRAM 000036
showPace@e                   cstackCOMRAM 000030
showPace@f                   cstackCOMRAM 000038
showPace@g                   cstackCOMRAM 000032
showPace@h                   cstackCOMRAM 000016
showPace@i                   cstackCOMRAM 000013
showPace@seg                 cstackCOMRAM 000018
stackhi                      (abs)        0005FF
stacklo                      (abs)        0000CE
start                        init         00000E
start_initialization         cinit        001B30
tmr0_onoff@o                 cstackCOMRAM 00000B
tmr3_init@mode               cstackCOMRAM 00000B
ttemp5                       temp         000067
ttemp6                       temp         00006A
ttemp7                       temp         00006E
wtemp8                       temp         000067


FUNCTION INFORMATION:

 *************** function _main *****************
 Defined at:
		line 237 in file "finalProject.c"
 Parameters:    Size  Location     Type
		None
 Auto vars:     Size  Location     Type
  mean            2   22[BANK0 ] int 
  mean            2   20[BANK0 ] int 
  c_two           2   18[BANK0 ] int 
  c_three         2   16[BANK0 ] int 
  c_one           2   14[BANK0 ] int 
  close           2   12[BANK0 ] int 
  Time            2   10[BANK0 ] int 
  lower_flag      2    8[BANK0 ] int 
  upper_flag      2    6[BANK0 ] int 
  w2              2    4[BANK0 ] int 
  w               2    2[BANK0 ] int 
  p               2    0[BANK0 ] int 
 Return value:  Size  Location     Type
                  1    wreg      void 
 Registers used:
		wreg, fsr1l, fsr1h, fsr2l, fsr2h, status,2, status,0, cstack
 Tracked objects:
		On entry : 
		On exit  : 
		Unchanged: 
 Data sizes:     COMRAM   BANK0   BANK1   BANK2   BANK3   BANK4   BANK5
      Params:         0       0       0       0       0       0       0
      Locals:         0      24       0       0       0       0       0
      Temps:          2       0       0       0       0       0       0
      Totals:         2      24       0       0       0       0       0
Total ram usage:       26 bytes
 Hardware stack levels required when called:    4
 This function calls:
		_PWM1_Duty
		_PWM1_Init
		_PWM1_Start
		_Trigger_Pulse_10us
		___awdiv
		___fldiv
		___flge
		___xxtofl
		_adc_init
		_ccp2_init
		_initialize_7
		_showPace
		_tmr0_init
		_tmr0_onoff
		_tmr3_init
 This function is called by:
		Startup code after reset
 This function uses a non-reentrant model


 *************** function _tmr3_init *****************
 Defined at:
		line 548 in file "finalProject.c"
 Parameters:    Size  Location     Type
  mode            2   10[COMRAM] int 
 Auto vars:     Size  Location     Type
		None
 Return value:  Size  Location     Type
                  1    wreg      void 
 Registers used:
		wreg, status,2, status,0
 Tracked objects:
		On entry : 
		On exit  : 
		Unchanged: 
 Data sizes:     COMRAM   BANK0   BANK1   BANK2   BANK3   BANK4   BANK5
      Params:         2       0       0       0       0       0       0
      Locals:         0       0       0       0       0       0       0
      Temps:          0       0       0       0       0       0       0
      Totals:         2       0       0       0       0       0       0
Total ram usage:        2 bytes
 Hardware stack levels used:    1
 Hardware stack levels required when called:    2
 This function calls:
		Nothing
 This function is called by:
		_main
 This function uses a non-reentrant model


 *************** function _tmr0_onoff *****************
 Defined at:
		line 622 in file "finalProject.c"
 Parameters:    Size  Location     Type
  o               2   10[COMRAM] int 
 Auto vars:     Size  Location     Type
		None
 Return value:  Size  Location     Type
                  1    wreg      void 
 Registers used:
		wreg, status,2, status,0
 Tracked objects:
		On entry : 
		On exit  : 
		Unchanged: 
 Data sizes:     COMRAM   BANK0   BANK1   BANK2   BANK3   BANK4   BANK5
      Params:         2       0       0       0       0       0       0
      Locals:         0       0       0       0       0       0       0
      Temps:          0       0       0       0       0       0       0
      Totals:         2       0       0       0       0       0       0
Total ram usage:        2 bytes
 Hardware stack levels used:    1
 Hardware stack levels required when called:    2
 This function calls:
		Nothing
 This function is called by:
		_main
 This function uses a non-reentrant model


 *************** function _tmr0_init *****************
 Defined at:
		line 594 in file "finalProject.c"
 Parameters:    Size  Location     Type
		None
 Auto vars:     Size  Location     Type
		None
 Return value:  Size  Location     Type
                  1    wreg      void 
 Registers used:
		wreg, status,2
 Tracked objects:
		On entry : 
		On exit  : 
		Unchanged: 
 Data sizes:     COMRAM   BANK0   BANK1   BANK2   BANK3   BANK4   BANK5
      Params:         0       0       0       0       0       0       0
      Locals:         0       0       0       0       0       0       0
      Temps:          0       0       0       0       0       0       0
      Totals:         0       0       0       0       0       0       0
Total ram usage:        0 bytes
 Hardware stack levels used:    1
 Hardware stack levels required when called:    2
 This function calls:
		Nothing
 This function is called by:
		_main
 This function uses a non-reentrant model


 *************** function _showPace *****************
 Defined at:
		line 100 in file "finalProject.c"
 Parameters:    Size  Location     Type
  i               2   18[COMRAM] int 
 Auto vars:     Size  Location     Type
  seg            20   23[COMRAM] int [10]
  f               2   55[COMRAM] int 
  d               2   53[COMRAM] int 
  b               2   51[COMRAM] int 
  g               2   49[COMRAM] int 
  e               2   47[COMRAM] int 
  c               2   45[COMRAM] int 
  a               2   43[COMRAM] int 
  h               2   21[COMRAM] int 
 Return value:  Size  Location     Type
                  1    wreg      void 
 Registers used:
		wreg, fsr1l, fsr1h, fsr2l, fsr2h, status,2, status,0, cstack
 Tracked objects:
		On entry : 
		On exit  : 
		Unchanged: 
 Data sizes:     COMRAM   BANK0   BANK1   BANK2   BANK3   BANK4   BANK5
      Params:         2       0       0       0       0       0       0
      Locals:        36       0       0       0       0       0       0
      Temps:          1       0       0       0       0       0       0
      Totals:        39       0       0       0       0       0       0
Total ram usage:       39 bytes
 Hardware stack levels used:    1
 Hardware stack levels required when called:    3
 This function calls:
		___awdiv
		___awmod
 This function is called by:
		_main
 This function uses a non-reentrant model


 *************** function ___awmod *****************
 Defined at:
		line 7 in file "D:\Program Files (x86)\Microchip\xc8\v2.00\pic\sources\c99\common\awmod.c"
 Parameters:    Size  Location     Type
  dividend        2   10[COMRAM] int 
  divisor         2   12[COMRAM] int 
 Auto vars:     Size  Location     Type
  sign            1   15[COMRAM] unsigned char 
  counter         1   14[COMRAM] unsigned char 
 Return value:  Size  Location     Type
                  2   10[COMRAM] int 
 Registers used:
		wreg, status,2, status,0
 Tracked objects:
		On entry : 
		On exit  : 
		Unchanged: 
 Data sizes:     COMRAM   BANK0   BANK1   BANK2   BANK3   BANK4   BANK5
      Params:         4       0       0       0       0       0       0
      Locals:         2       0       0       0       0       0       0
      Temps:          0       0       0       0       0       0       0
      Totals:         6       0       0       0       0       0       0
Total ram usage:        6 bytes
 Hardware stack levels used:    1
 Hardware stack levels required when called:    2
 This function calls:
		Nothing
 This function is called by:
		_showPace
 This function uses a non-reentrant model


 *************** function ___awdiv *****************
 Defined at:
		line 7 in file "D:\Program Files (x86)\Microchip\xc8\v2.00\pic\sources\c99\common\awdiv.c"
 Parameters:    Size  Location     Type
  dividend        2   10[COMRAM] int 
  divisor         2   12[COMRAM] int 
 Auto vars:     Size  Location     Type
  quotient        2   16[COMRAM] int 
  sign            1   15[COMRAM] unsigned char 
  counter         1   14[COMRAM] unsigned char 
 Return value:  Size  Location     Type
                  2   10[COMRAM] int 
 Registers used:
		wreg, status,2, status,0
 Tracked objects:
		On entry : 
		On exit  : 
		Unchanged: 
 Data sizes:     COMRAM   BANK0   BANK1   BANK2   BANK3   BANK4   BANK5
      Params:         4       0       0       0       0       0       0
      Locals:         4       0       0       0       0       0       0
      Temps:          0       0       0       0       0       0       0
      Totals:         8       0       0       0       0       0       0
Total ram usage:        8 bytes
 Hardware stack levels used:    1
 Hardware stack levels required when called:    2
 This function calls:
		Nothing
 This function is called by:
		_showPace
		_main
 This function uses a non-reentrant model


 *************** function _initialize_7 *****************
 Defined at:
		line 141 in file "finalProject.c"
 Parameters:    Size  Location     Type
		None
 Auto vars:     Size  Location     Type
		None
 Return value:  Size  Location     Type
                  1    wreg      void 
 Registers used:
		wreg, status,2
 Tracked objects:
		On entry : 
		On exit  : 
		Unchanged: 
 Data sizes:     COMRAM   BANK0   BANK1   BANK2   BANK3   BANK4   BANK5
      Params:         0       0       0       0       0       0       0
      Locals:         0       0       0       0       0       0       0
      Temps:          0       0       0       0       0       0       0
      Totals:         0       0       0       0       0       0       0
Total ram usage:        0 bytes
 Hardware stack levels used:    1
 Hardware stack levels required when called:    2
 This function calls:
		Nothing
 This function is called by:
		_main
 This function uses a non-reentrant model


 *************** function _ccp2_init *****************
 Defined at:
		line 535 in file "finalProject.c"
 Parameters:    Size  Location     Type
		None
 Auto vars:     Size  Location     Type
		None
 Return value:  Size  Location     Type
                  1    wreg      void 
 Registers used:
		wreg, status,2
 Tracked objects:
		On entry : 
		On exit  : 
		Unchanged: 
 Data sizes:     COMRAM   BANK0   BANK1   BANK2   BANK3   BANK4   BANK5
      Params:         0       0       0       0       0       0       0
      Locals:         0       0       0       0       0       0       0
      Temps:          0       0       0       0       0       0       0
      Totals:         0       0       0       0       0       0       0
Total ram usage:        0 bytes
 Hardware stack levels used:    1
 Hardware stack levels required when called:    2
 This function calls:
		Nothing
 This function is called by:
		_main
 This function uses a non-reentrant model


 *************** function _adc_init *****************
 Defined at:
		line 494 in file "finalProject.c"
 Parameters:    Size  Location     Type
		None
 Auto vars:     Size  Location     Type
		None
 Return value:  Size  Location     Type
                  1    wreg      void 
 Registers used:
		wreg, status,2
 Tracked objects:
		On entry : 
		On exit  : 
		Unchanged: 
 Data sizes:     COMRAM   BANK0   BANK1   BANK2   BANK3   BANK4   BANK5
      Params:         0       0       0       0       0       0       0
      Locals:         0       0       0       0       0       0       0
      Temps:          0       0       0       0       0       0       0
      Totals:         0       0       0       0       0       0       0
Total ram usage:        0 bytes
 Hardware stack levels used:    1
 Hardware stack levels required when called:    2
 This function calls:
		Nothing
 This function is called by:
		_main
 This function uses a non-reentrant model


 *************** function ___xxtofl *****************
 Defined at:
		line 10 in file "D:\Program Files (x86)\Microchip\xc8\v2.00\pic\sources\c99\common\xxtofl.c"
 Parameters:    Size  Location     Type
  sign            1    wreg     unsigned char 
  val             4   10[COMRAM] long 
 Auto vars:     Size  Location     Type
  sign            1   18[COMRAM] unsigned char 
  arg             4   20[COMRAM] unsigned long 
  exp             1   19[COMRAM] unsigned char 
 Return value:  Size  Location     Type
                  4   10[COMRAM] unsigned char 
 Registers used:
		wreg, status,2, status,0
 Tracked objects:
		On entry : 
		On exit  : 
		Unchanged: 
 Data sizes:     COMRAM   BANK0   BANK1   BANK2   BANK3   BANK4   BANK5
      Params:         4       0       0       0       0       0       0
      Locals:         6       0       0       0       0       0       0
      Temps:          4       0       0       0       0       0       0
      Totals:        14       0       0       0       0       0       0
Total ram usage:       14 bytes
 Hardware stack levels used:    1
 Hardware stack levels required when called:    2
 This function calls:
		Nothing
 This function is called by:
		_main
 This function uses a non-reentrant model


 *************** function ___flge *****************
 Defined at:
		line 4 in file "D:\Program Files (x86)\Microchip\xc8\v2.00\pic\sources\c99\common\flge.c"
 Parameters:    Size  Location     Type
  ff1             4   10[COMRAM] unsigned char 
  ff2             4   14[COMRAM] unsigned char 
 Auto vars:     Size  Location     Type
		None
 Return value:  Size  Location     Type
		None               void
 Registers used:
		wreg, status,2, status,0
 Tracked objects:
		On entry : 
		On exit  : 
		Unchanged: 
 Data sizes:     COMRAM   BANK0   BANK1   BANK2   BANK3   BANK4   BANK5
      Params:         8       0       0       0       0       0       0
      Locals:         0       0       0       0       0       0       0
      Temps:          4       0       0       0       0       0       0
      Totals:        12       0       0       0       0       0       0
Total ram usage:       12 bytes
 Hardware stack levels used:    1
 Hardware stack levels required when called:    2
 This function calls:
		Nothing
 This function is called by:
		_main
 This function uses a non-reentrant model


 *************** function ___fldiv *****************
 Defined at:
		line 11 in file "D:\Program Files (x86)\Microchip\xc8\v2.00\pic\sources\c99\common\sprcdiv.c"
 Parameters:    Size  Location     Type
  b               4   24[COMRAM] unsigned char 
  a               4   28[COMRAM] unsigned char 
 Auto vars:     Size  Location     Type
  grs             4   43[COMRAM] unsigned long 
  rem             4   36[COMRAM] unsigned long 
  new_exp         2   41[COMRAM] short 
  aexp            1   48[COMRAM] unsigned char 
  bexp            1   47[COMRAM] unsigned char 
  sign            1   40[COMRAM] unsigned char 
 Return value:  Size  Location     Type
                  4   24[COMRAM] unsigned char 
 Registers used:
		wreg, status,2, status,0
 Tracked objects:
		On entry : 
		On exit  : 
		Unchanged: 
 Data sizes:     COMRAM   BANK0   BANK1   BANK2   BANK3   BANK4   BANK5
      Params:         8       0       0       0       0       0       0
      Locals:        13       0       0       0       0       0       0
      Temps:          4       0       0       0       0       0       0
      Totals:        25       0       0       0       0       0       0
Total ram usage:       25 bytes
 Hardware stack levels used:    1
 Hardware stack levels required when called:    2
 This function calls:
		Nothing
 This function is called by:
		_main
 This function uses a non-reentrant model


 *************** function _Trigger_Pulse_10us *****************
 Defined at:
		line 587 in file "finalProject.c"
 Parameters:    Size  Location     Type
		None
 Auto vars:     Size  Location     Type
		None
 Return value:  Size  Location     Type
                  1    wreg      void 
 Registers used:
		wreg
 Tracked objects:
		On entry : 
		On exit  : 
		Unchanged: 
 Data sizes:     COMRAM   BANK0   BANK1   BANK2   BANK3   BANK4   BANK5
      Params:         0       0       0       0       0       0       0
      Locals:         0       0       0       0       0       0       0
      Temps:          0       0       0       0       0       0       0
      Totals:         0       0       0       0       0       0       0
Total ram usage:        0 bytes
 Hardware stack levels used:    1
 Hardware stack levels required when called:    2
 This function calls:
		Nothing
 This function is called by:
		_main
 This function uses a non-reentrant model


 *************** function _PWM1_Start *****************
 Defined at:
		line 653 in file "finalProject.c"
 Parameters:    Size  Location     Type
		None
 Auto vars:     Size  Location     Type
		None
 Return value:  Size  Location     Type
                  2   70[None  ] int 
 Registers used:
		None
 Tracked objects:
		On entry : 
		On exit  : 
		Unchanged: 
 Data sizes:     COMRAM   BANK0   BANK1   BANK2   BANK3   BANK4   BANK5
      Params:         0       0       0       0       0       0       0
      Locals:         0       0       0       0       0       0       0
      Temps:          0       0       0       0       0       0       0
      Totals:         0       0       0       0       0       0       0
Total ram usage:        0 bytes
 Hardware stack levels used:    1
 Hardware stack levels required when called:    2
 This function calls:
		Nothing
 This function is called by:
		_main
 This function uses a non-reentrant model


 *************** function _PWM1_Init *****************
 Defined at:
		line 634 in file "finalProject.c"
 Parameters:    Size  Location     Type
  setDuty         4   10[COMRAM] long 
 Auto vars:     Size  Location     Type
		None
 Return value:  Size  Location     Type
                  2   10[COMRAM] int 
 Registers used:
		None
 Tracked objects:
		On entry : 
		On exit  : 
		Unchanged: 
 Data sizes:     COMRAM   BANK0   BANK1   BANK2   BANK3   BANK4   BANK5
      Params:         4       0       0       0       0       0       0
      Locals:         0       0       0       0       0       0       0
      Temps:          0       0       0       0       0       0       0
      Totals:         4       0       0       0       0       0       0
Total ram usage:        4 bytes
 Hardware stack levels used:    1
 Hardware stack levels required when called:    2
 This function calls:
		Nothing
 This function is called by:
		_main
 This function uses a non-reentrant model


 *************** function _PWM1_Duty *****************
 Defined at:
		line 639 in file "finalProject.c"
 Parameters:    Size  Location     Type
  duty            2   10[COMRAM] unsigned int 
 Auto vars:     Size  Location     Type
  tempDuty        2   14[COMRAM] int 
 Return value:  Size  Location     Type
                  2   10[COMRAM] int 
 Registers used:
		wreg, status,2, status,0
 Tracked objects:
		On entry : 
		On exit  : 
		Unchanged: 
 Data sizes:     COMRAM   BANK0   BANK1   BANK2   BANK3   BANK4   BANK5
      Params:         2       0       0       0       0       0       0
      Locals:         2       0       0       0       0       0       0
      Temps:          2       0       0       0       0       0       0
      Totals:         6       0       0       0       0       0       0
Total ram usage:        6 bytes
 Hardware stack levels used:    1
 Hardware stack levels required when called:    2
 This function calls:
		Nothing
 This function is called by:
		_main
 This function uses a non-reentrant model


 *************** function _Hi_ISR *****************
 Defined at:
		line 155 in file "finalProject.c"
 Parameters:    Size  Location     Type
		None
 Auto vars:     Size  Location     Type
		None
 Return value:  Size  Location     Type
                  1    wreg      void 
 Registers used:
		wreg, fsr2l, fsr2h, status,2, status,0, prodl, prodh, cstack
 Tracked objects:
		On entry : 
		On exit  : 
		Unchanged: 
 Data sizes:     COMRAM   BANK0   BANK1   BANK2   BANK3   BANK4   BANK5
      Params:         0       0       0       0       0       0       0
      Locals:         0       0       0       0       0       0       0
      Temps:          4       0       0       0       0       0       0
      Totals:         4       0       0       0       0       0       0
Total ram usage:        4 bytes
 Hardware stack levels used:    1
 Hardware stack levels required when called:    1
 This function calls:
		___wmul
 This function is called by:
		Interrupt level 2
 This function uses a non-reentrant model


 *************** function ___wmul *****************
 Defined at:
		line 15 in file "D:\Program Files (x86)\Microchip\xc8\v2.00\pic\sources\c99\common\Umul16.c"
 Parameters:    Size  Location     Type
  multiplier      2    0[COMRAM] unsigned int 
  multiplicand    2    2[COMRAM] unsigned int 
 Auto vars:     Size  Location     Type
  product         2    4[COMRAM] unsigned int 
 Return value:  Size  Location     Type
                  2    0[COMRAM] unsigned int 
 Registers used:
		wreg, status,2, status,0, prodl, prodh
 Tracked objects:
		On entry : 
		On exit  : 
		Unchanged: 
 Data sizes:     COMRAM   BANK0   BANK1   BANK2   BANK3   BANK4   BANK5
      Params:         4       0       0       0       0       0       0
      Locals:         2       0       0       0       0       0       0
      Temps:          0       0       0       0       0       0       0
      Totals:         6       0       0       0       0       0       0
Total ram usage:        6 bytes
 Hardware stack levels used:    1
 This function calls:
		Nothing
 This function is called by:
		_Hi_ISR
 This function uses a non-reentrant model



MODULE INFORMATION

Module		Function		Class		Link	Load	Size
D:\Program Files (x86)\Microchip\xc8\v2.00\pic\sources\c99\common\flge.c
		___flge        		CODE           	1746	0000	361

D:\Program Files (x86)\Microchip\xc8\v2.00\pic\sources\c99\common\flge.c estimated size: 361

finalProject.c
		_PWM1_Start    		CODE           	1C76	0000	19
		_Trigger_Pulse_10us		CODE           	1C88	0000	15
		_tmr3_init     		CODE           	1A72	0000	115
		_main          		CODE           	0012	0000	3355
		_PWM1_Init     		CODE           	1C96	0000	7
		_ccp2_init     		CODE           	1C4C	0000	23
		_PWM1_Duty     		CODE           	1AE4	0000	77
		_showPace      		CODE           	15B2	0000	405
		_adc_init      		CODE           	1BB2	0000	59
		_initialize_7  		CODE           	1C36	0000	23
		_tmr0_init     		CODE           	1C16	0000	33
		_tmr0_onoff    		CODE           	1B72	0000	65
		_Hi_ISR        		CODE           	0008	0000	657

finalProject.c estimated size: 4853

D:\Program Files (x86)\Microchip\xc8\v2.00\pic\sources\c99\common\awmod.c
		___awmod       		CODE           	199A	0000	217

D:\Program Files (x86)\Microchip\xc8\v2.00\pic\sources\c99\common\awmod.c estimated size: 217

D:\Program Files (x86)\Microchip\xc8\v2.00\pic\sources\c99\common\xxtofl.c
		___xxtofl      		CODE           	13D6	0000	477

D:\Program Files (x86)\Microchip\xc8\v2.00\pic\sources\c99\common\xxtofl.c estimated size: 477

shared
		__initialization		CODE           	1B30	0000	57

shared estimated size: 57

D:\Program Files (x86)\Microchip\xc8\v2.00\pic\sources\c99\common\awdiv.c
		___awdiv       		CODE           	18AE	0000	237

D:\Program Files (x86)\Microchip\xc8\v2.00\pic\sources\c99\common\awdiv.c estimated size: 237

D:\Program Files (x86)\Microchip\xc8\v2.00\pic\sources\c99\common\sprcdiv.c
		___fldiv       		CODE           	0D2C	0000	1057

D:\Program Files (x86)\Microchip\xc8\v2.00\pic\sources\c99\common\sprcdiv.c estimated size: 1057

D:\Program Files (x86)\Microchip\xc8\v2.00\pic\sources\c99\common\Umul16.c
		___wmul        		CODE           	1BEC	0000	43

D:\Program Files (x86)\Microchip\xc8\v2.00\pic\sources\c99\common\Umul16.c estimated size: 43

